---end scope---
nomain
x INT 0
Program has no 'void main()' function
