[semantic rule] Init program
[semantic rule] RetType VOID
[semantic rule] Formals Epsilon
[semantic rule] FuncDecl RetType ID LPAREN Formals RPAREN
[parser] declaring function
[parser:function] main
[parser] In declaring function, no arguments
[semantic rule] OpenScope
[semantic rule] Statement Type ID ASSIGN Exp SC
[parser] Declaring var
[parser:var]: 2
[semantic rule] Statements Statement
[semantic rule] Exp ID
line 4: syntax error
syntax error from token: 3
