---end scope---
var5 BOOL 0
---end scope---
var3 BOOL 0
---end scope---
var9 BOOL 0
---end scope---
var6 BOOL 0
var7 BOOL 1
---end scope---
---end scope---
var14 BOOL 0
var16 BOOL 1
---end scope---
---end scope---
var12 BOOL 0
var13 BOOL 1
---end scope---
---end scope---
var40 BOOL 2
---end scope---
var37 BOOL 2
var38 BOOL 3
---end scope---
---end scope---
var34 BOOL 4
var36 BOOL 5
---end scope---
---end scope---
var33 BOOL 3
---end scope---
---end scope---
var32 BOOL 3
---end scope---
var30 BOOL 3
---end scope---
var28 BOOL 3
---end scope---
var25 BOOL 3
var26 BOOL 4
---end scope---
---end scope---
var23 BOOL 3
var24 BOOL 4
---end scope---
---end scope---
---end scope---
---end scope---
var22 BOOL 2
---end scope---
---end scope---
var20 BOOL 2
var21 BOOL 3
---end scope---
---end scope---
var18 BOOL 2
var19 BOOL 3
---end scope---
---end scope---
var17 BOOL 1
---end scope---
---end scope---
---end scope---
var42 BOOL 1
---end scope---
var43 BOOL 1
var45 BOOL 2
---end scope---
---end scope---
---end scope---
var78 BOOL 4
---end scope---
---end scope---
var76 BOOL 3
---end scope---
---end scope---
var75 BOOL 2
---end scope---
---end scope---
var74 BOOL 2
---end scope---
var72 BOOL 1
---end scope---
---end scope---
var69 BOOL 1
var71 BOOL 2
---end scope---
---end scope---
var68 BOOL 1
---end scope---
var65 BOOL 2
var66 BOOL 3
---end scope---
var64 BOOL 1
---end scope---
---end scope---
var63 BOOL 1
---end scope---
var61 BOOL 2
---end scope---
var58 BOOL 2
var59 BOOL 3
---end scope---
var57 BOOL 1
---end scope---
---end scope---
var55 BOOL 1
var56 BOOL 2
---end scope---
---end scope---
var53 BOOL 3
var54 BOOL 4
---end scope---
var52 BOOL 2
---end scope---
---end scope---
var50 BOOL 2
var51 BOOL 3
---end scope---
---end scope---
---end scope---
var49 BOOL 1
---end scope---
---end scope---
var47 BOOL 2
var48 BOOL 3
---end scope---
var46 BOOL 1
---end scope---
---end scope---
---end scope---
---end scope---
---end scope---
var88 BOOL 1
var89 BOOL 2
---end scope---
---end scope---
var86 BOOL 2
var87 BOOL 3
---end scope---
var85 BOOL 1
---end scope---
---end scope---
var83 BOOL 3
var84 BOOL 4
---end scope---
var82 BOOL 2
---end scope---
---end scope---
var81 BOOL 1
---end scope---
---end scope---
var79 BOOL 1
var80 BOOL 2
---end scope---
---end scope---
var92 BOOL 1
var94 BOOL 2
---end scope---
---end scope---
var90 BOOL 1
var91 BOOL 2
---end scope---
---end scope---
var98 BOOL 1
---end scope---
var95 BOOL 1
var96 BOOL 2
---end scope---
---end scope---
var101 BOOL 1
var102 BOOL 2
---end scope---
---end scope---
var99 BOOL 1
var100 BOOL 2
---end scope---
var105 BOOL 1
var106 BOOL 2
---end scope---
---end scope---
var103 BOOL 1
var104 BOOL 2
---end scope---
var109 BOOL 1
var110 BOOL 2
---end scope---
---end scope---
var115 BOOL 2
---end scope---
var112 BOOL 3
var113 BOOL 4
---end scope---
var111 BOOL 2
---end scope---
---end scope---
var157 BOOL 5
var158 BOOL 6
---end scope---
var156 BOOL 4
---end scope---
---end scope---
var153 BOOL 6
var155 BOOL 7
---end scope---
---end scope---
var152 BOOL 6
---end scope---
---end scope---
var150 BOOL 5
---end scope---
---end scope---
var149 BOOL 5
---end scope---
---end scope---
var147 BOOL 4
---end scope---
---end scope---
var145 BOOL 4
var146 BOOL 5
---end scope---
---end scope---
var143 BOOL 4
var144 BOOL 5
---end scope---
var142 BOOL 3
---end scope---
---end scope---
var140 BOOL 5
var141 BOOL 6
---end scope---
var139 BOOL 4
---end scope---
---end scope---
var137 BOOL 4
var138 BOOL 5
---end scope---
var136 BOOL 3
---end scope---
---end scope---
var134 BOOL 6
var135 BOOL 7
---end scope---
var133 BOOL 5
---end scope---
---end scope---
var132 BOOL 4
---end scope---
---end scope---
var130 BOOL 4
var131 BOOL 5
---end scope---
var129 BOOL 3
---end scope---
---end scope---
var127 BOOL 3
var128 BOOL 4
---end scope---
---end scope---
---end scope---
var126 BOOL 2
---end scope---
---end scope---
var125 BOOL 2
---end scope---
var122 BOOL 2
var123 BOOL 3
---end scope---
---end scope---
var121 BOOL 2
---end scope---
var118 BOOL 2
var119 BOOL 3
---end scope---
---end scope---
var116 BOOL 2
var117 BOOL 3
---end scope---
---end scope---
var160 BOOL 2
---end scope---
---end scope---
var169 BOOL 3
---end scope---
var166 BOOL 3
var167 BOOL 4
---end scope---
---end scope---
var165 BOOL 2
---end scope---
---end scope---
var164 BOOL 2
---end scope---
var170 BOOL 3
var171 BOOL 4
---end scope---
---end scope---
var176 BOOL 3
---end scope---
var172 BOOL 3
var174 BOOL 4
---end scope---
---end scope---
var180 BOOL 4
var181 BOOL 5
---end scope---
---end scope---
var177 BOOL 3
var179 BOOL 4
---end scope---
---end scope---
---end scope---
var195 BOOL 8
var196 BOOL 9
---end scope---
var194 BOOL 7
---end scope---
---end scope---
var191 BOOL 6
var193 BOOL 7
---end scope---
---end scope---
var189 BOOL 6
var190 BOOL 7
---end scope---
var188 BOOL 5
---end scope---
---end scope---
---end scope---
var187 BOOL 4
---end scope---
---end scope---
var186 BOOL 4
---end scope---
var184 BOOL 3
---end scope---
---end scope---
var183 BOOL 3
---end scope---
var200 BOOL 4
var201 BOOL 5
---end scope---
var199 BOOL 3
---end scope---
---end scope---
var198 BOOL 3
---end scope---
var204 BOOL 3
var205 BOOL 4
---end scope---
---end scope---
var203 BOOL 3
---end scope---
---end scope---
var206 BOOL 3
var207 BOOL 4
---end scope---
---end scope---
var230 BOOL 5
var232 BOOL 6
---end scope---
---end scope---
var229 BOOL 5
---end scope---
var227 BOOL 5
---end scope---
var224 BOOL 6
var225 BOOL 7
---end scope---
var223 BOOL 5
---end scope---
---end scope---
---end scope---
---end scope---
var222 BOOL 4
---end scope---
---end scope---
var221 BOOL 3
---end scope---
---end scope---
var219 BOOL 3
var220 BOOL 4
---end scope---
---end scope---
var217 BOOL 4
var218 BOOL 5
---end scope---
var216 BOOL 3
---end scope---
---end scope---
var215 BOOL 3
---end scope---
var212 BOOL 5
var213 BOOL 6
---end scope---
var211 BOOL 4
---end scope---
---end scope---
var210 BOOL 3
---end scope---
---end scope---
var208 BOOL 3
var209 BOOL 4
---end scope---
---end scope---
---end scope---
---end scope---
var242 BOOL 4
---end scope---
var240 BOOL 3
---end scope---
---end scope---
var237 BOOL 3
var239 BOOL 4
---end scope---
---end scope---
var235 BOOL 3
var236 BOOL 4
---end scope---
---end scope---
var234 BOOL 3
---end scope---
---end scope---
var255 BOOL 3
var257 BOOL 4
---end scope---
---end scope---
var253 BOOL 5
var254 BOOL 6
---end scope---
var252 BOOL 4
---end scope---
---end scope---
var250 BOOL 5
var251 BOOL 6
---end scope---
---end scope---
var249 BOOL 4
---end scope---
---end scope---
var246 BOOL 4
var248 BOOL 5
---end scope---
---end scope---
var244 BOOL 4
var245 BOOL 5
---end scope---
var243 BOOL 3
---end scope---
---end scope---
---end scope---
---end scope---
---end scope---
---end scope---
var303 BOOL 3
var305 BOOL 4
---end scope---
---end scope---
var300 BOOL 4
var302 BOOL 5
---end scope---
---end scope---
var297 BOOL 5
var299 BOOL 6
---end scope---
---end scope---
var296 BOOL 4
---end scope---
---end scope---
var295 BOOL 3
---end scope---
---end scope---
var293 BOOL 4
var294 BOOL 5
---end scope---
var292 BOOL 3
---end scope---
---end scope---
var290 BOOL 3
var291 BOOL 4
---end scope---
---end scope---
var289 BOOL 4
---end scope---
var286 BOOL 4
var287 BOOL 5
---end scope---
---end scope---
var283 BOOL 4
var285 BOOL 5
---end scope---
---end scope---
var280 BOOL 3
var282 BOOL 4
---end scope---
---end scope---
var279 BOOL 3
---end scope---
var277 BOOL 3
---end scope---
var274 BOOL 4
var275 BOOL 5
---end scope---
var273 BOOL 3
---end scope---
---end scope---
var270 BOOL 4
var272 BOOL 5
---end scope---
---end scope---
var269 BOOL 4
---end scope---
var266 BOOL 4
var267 BOOL 5
---end scope---
---end scope---
---end scope---
var265 BOOL 3
---end scope---
---end scope---
var263 BOOL 3
var264 BOOL 4
---end scope---
---end scope---
var261 BOOL 3
var262 BOOL 4
---end scope---
---end scope---
var259 BOOL 4
var260 BOOL 5
---end scope---
var258 BOOL 3
---end scope---
---end scope---
---end scope---
---end scope---
---end scope---
---end scope---
var312 BOOL 3
var313 BOOL 4
---end scope---
---end scope---
var310 BOOL 3
var311 BOOL 4
---end scope---
---end scope---
var309 BOOL 3
---end scope---
var306 BOOL 3
var307 BOOL 4
---end scope---
---end scope---
---end scope---
var335 BOOL 4
var336 BOOL 5
---end scope---
---end scope---
var333 BOOL 4
var334 BOOL 5
---end scope---
---end scope---
var332 BOOL 3
---end scope---
---end scope---
var330 BOOL 4
var331 BOOL 5
---end scope---
var329 BOOL 3
---end scope---
---end scope---
var328 BOOL 3
---end scope---
var326 BOOL 3
---end scope---
var324 BOOL 3
---end scope---
var322 BOOL 3
---end scope---
var318 BOOL 3
var320 BOOL 4
---end scope---
---end scope---
var317 BOOL 3
---end scope---
var315 BOOL 3
---end scope---
var342 BOOL 4
var343 BOOL 5
---end scope---
---end scope---
var339 BOOL 3
var341 BOOL 4
---end scope---
---end scope---
var337 BOOL 3
var338 BOOL 4
---end scope---
---end scope---
var347 BOOL 3
---end scope---
var344 BOOL 3
var345 BOOL 4
---end scope---
var348 BOOL 3
var349 BOOL 4
---end scope---
---end scope---
var354 BOOL 3
var356 BOOL 4
---end scope---
---end scope---
var352 BOOL 3
var353 BOOL 4
---end scope---
---end scope---
var357 BOOL 4
var358 BOOL 5
---end scope---
---end scope---
var361 BOOL 4
var362 BOOL 5
---end scope---
---end scope---
var360 BOOL 4
---end scope---
---end scope---
var365 BOOL 4
var366 BOOL 5
---end scope---
---end scope---
var364 BOOL 4
---end scope---
var368 BOOL 4
---end scope---
---end scope---
var371 BOOL 4
var373 BOOL 5
---end scope---
---end scope---
var369 BOOL 4
var370 BOOL 5
---end scope---
---end scope---
var384 BOOL 5
---end scope---
var381 BOOL 6
var382 BOOL 7
---end scope---
var380 BOOL 5
---end scope---
---end scope---
var379 BOOL 5
---end scope---
---end scope---
var377 BOOL 4
---end scope---
---end scope---
var375 BOOL 5
var376 BOOL 6
---end scope---
var374 BOOL 4
---end scope---
---end scope---
---end scope---
var392 BOOL 4
var393 BOOL 5
---end scope---
---end scope---
var389 BOOL 4
var391 BOOL 5
---end scope---
---end scope---
var387 BOOL 4
var388 BOOL 5
---end scope---
---end scope---
var395 BOOL 5
---end scope---
var439 BOOL 5
---end scope---
var435 BOOL 5
var437 BOOL 6
---end scope---
---end scope---
var433 BOOL 5
var434 BOOL 6
---end scope---
---end scope---
var432 BOOL 8
---end scope---
var429 BOOL 8
var430 BOOL 9
---end scope---
---end scope---
var428 BOOL 7
---end scope---
---end scope---
var427 BOOL 9
---end scope---
var424 BOOL 10
var425 BOOL 11
---end scope---
var423 BOOL 9
---end scope---
---end scope---
var422 BOOL 9
---end scope---
var420 BOOL 9
---end scope---
var418 BOOL 8
---end scope---
---end scope---
var416 BOOL 11
var417 BOOL 12
---end scope---
---end scope---
var413 BOOL 10
var415 BOOL 11
---end scope---
---end scope---
var412 BOOL 9
---end scope---
---end scope---
var409 BOOL 10
var411 BOOL 11
---end scope---
---end scope---
var408 BOOL 9
---end scope---
---end scope---
var406 BOOL 9
var407 BOOL 10
---end scope---
var405 BOOL 8
---end scope---
---end scope---
var402 BOOL 7
var404 BOOL 8
---end scope---
---end scope---
var401 BOOL 7
---end scope---
var399 BOOL 6
---end scope---
---end scope---
var396 BOOL 5
var398 BOOL 6
---end scope---
---end scope---
---end scope---
---end scope---
var444 BOOL 6
---end scope---
var440 BOOL 5
var442 BOOL 6
---end scope---
---end scope---
---end scope---
var450 BOOL 7
---end scope---
var448 BOOL 6
---end scope---
---end scope---
var446 BOOL 6
var447 BOOL 7
---end scope---
var445 BOOL 5
---end scope---
---end scope---
---end scope---
var456 BOOL 5
---end scope---
var454 BOOL 5
---end scope---
var452 BOOL 5
---end scope---
var465 BOOL 7
var466 BOOL 8
---end scope---
---end scope---
var464 BOOL 6
---end scope---
---end scope---
var463 BOOL 5
---end scope---
---end scope---
var461 BOOL 5
var462 BOOL 6
---end scope---
---end scope---
var460 BOOL 5
---end scope---
var457 BOOL 5
var458 BOOL 6
---end scope---
---end scope---
var489 BOOL 7
var490 BOOL 8
---end scope---
var488 BOOL 6
---end scope---
---end scope---
var486 BOOL 6
var487 BOOL 7
---end scope---
---end scope---
var485 BOOL 5
---end scope---
---end scope---
var483 BOOL 7
var484 BOOL 8
---end scope---
---end scope---
var481 BOOL 8
var482 BOOL 9
---end scope---
var480 BOOL 7
---end scope---
---end scope---
var479 BOOL 6
---end scope---
---end scope---
var478 BOOL 5
---end scope---
---end scope---
var476 BOOL 7
var477 BOOL 8
---end scope---
var475 BOOL 6
---end scope---
---end scope---
var473 BOOL 7
var474 BOOL 8
---end scope---
var472 BOOL 6
---end scope---
---end scope---
var470 BOOL 6
var471 BOOL 7
---end scope---
---end scope---
var469 BOOL 5
---end scope---
---end scope---
var468 BOOL 5
---end scope---
---end scope---
---end scope---
---end scope---
var492 BOOL 5
---end scope---
var535 BOOL 9
var536 BOOL 10
---end scope---
---end scope---
var534 BOOL 8
---end scope---
---end scope---
---end scope---
var533 BOOL 7
---end scope---
---end scope---
var531 BOOL 8
var532 BOOL 9
---end scope---
---end scope---
var528 BOOL 7
var530 BOOL 8
---end scope---
---end scope---
var527 BOOL 7
---end scope---
var523 BOOL 6
var525 BOOL 7
---end scope---
---end scope---
var521 BOOL 6
var522 BOOL 7
---end scope---
---end scope---
var518 BOOL 6
var520 BOOL 7
---end scope---
---end scope---
var516 BOOL 6
var517 BOOL 7
---end scope---
---end scope---
var514 BOOL 6
var515 BOOL 7
---end scope---
---end scope---
---end scope---
var513 BOOL 5
---end scope---
---end scope---
var510 BOOL 5
var512 BOOL 6
---end scope---
---end scope---
var508 BOOL 6
var509 BOOL 7
---end scope---
---end scope---
var505 BOOL 9
var507 BOOL 10
---end scope---
---end scope---
var502 BOOL 8
var504 BOOL 9
---end scope---
---end scope---
var501 BOOL 7
---end scope---
---end scope---
var500 BOOL 6
---end scope---
---end scope---
var499 BOOL 6
---end scope---
var497 BOOL 6
---end scope---
var495 BOOL 5
---end scope---
---end scope---
var493 BOOL 5
var494 BOOL 6
---end scope---
---end scope---
---end scope---
var538 BOOL 5
---end scope---
var540 BOOL 5
---end scope---
var543 BOOL 5
var544 BOOL 6
---end scope---
---end scope---
var541 BOOL 5
var542 BOOL 6
---end scope---
var553 BOOL 7
var554 BOOL 8
---end scope---
var552 BOOL 6
---end scope---
---end scope---
var550 BOOL 6
var551 BOOL 7
---end scope---
var549 BOOL 5
---end scope---
---end scope---
var547 BOOL 5
var548 BOOL 6
---end scope---
---end scope---
var546 BOOL 5
---end scope---
var557 BOOL 5
var558 BOOL 6
---end scope---
---end scope---
var556 BOOL 5
---end scope---
var562 BOOL 5
---end scope---
var559 BOOL 5
var560 BOOL 6
---end scope---
---end scope---
var566 BOOL 5
---end scope---
var563 BOOL 5
var564 BOOL 6
---end scope---
var569 BOOL 5
var570 BOOL 6
---end scope---
---end scope---
var579 BOOL 8
var580 BOOL 9
---end scope---
var578 BOOL 7
---end scope---
---end scope---
var577 BOOL 6
---end scope---
---end scope---
var575 BOOL 7
var576 BOOL 8
---end scope---
var574 BOOL 6
---end scope---
---end scope---
var573 BOOL 7
---end scope---
var571 BOOL 6
---end scope---
---end scope---
---end scope---
var582 BOOL 6
---end scope---
var596 BOOL 6
---end scope---
var594 BOOL 9
---end scope---
var591 BOOL 9
var592 BOOL 10
---end scope---
---end scope---
var589 BOOL 10
var590 BOOL 11
---end scope---
---end scope---
var588 BOOL 9
---end scope---
---end scope---
---end scope---
---end scope---
var587 BOOL 8
---end scope---
---end scope---
var586 BOOL 7
---end scope---
---end scope---
var584 BOOL 7
var585 BOOL 8
---end scope---
var583 BOOL 6
---end scope---
---end scope---
---end scope---
var601 BOOL 8
var602 BOOL 9
---end scope---
---end scope---
var600 BOOL 7
---end scope---
---end scope---
var599 BOOL 6
---end scope---
---end scope---
var597 BOOL 6
var598 BOOL 7
---end scope---
---end scope---
var604 BOOL 6
---end scope---
var608 BOOL 6
---end scope---
var606 BOOL 6
---end scope---
var614 BOOL 6
var616 BOOL 7
---end scope---
---end scope---
var611 BOOL 6
var613 BOOL 7
---end scope---
---end scope---
var610 BOOL 6
---end scope---
---end scope---
---end scope---
var625 BOOL 6
---end scope---
var623 BOOL 6
---end scope---
var620 BOOL 6
var621 BOOL 7
---end scope---
---end scope---
var618 BOOL 7
var619 BOOL 8
---end scope---
var617 BOOL 6
---end scope---
---end scope---
---end scope---
---end scope---
var628 BOOL 6
var629 BOOL 7
---end scope---
---end scope---
var626 BOOL 6
var627 BOOL 7
---end scope---
---end scope---
var634 BOOL 6
var636 BOOL 7
---end scope---
---end scope---
var633 BOOL 6
---end scope---
var631 BOOL 6
---end scope---
var660 BOOL 6
var661 BOOL 7
---end scope---
---end scope---
var657 BOOL 6
var659 BOOL 7
---end scope---
---end scope---
var654 BOOL 8
var656 BOOL 9
---end scope---
---end scope---
var652 BOOL 8
var653 BOOL 9
---end scope---
var651 BOOL 7
---end scope---
---end scope---
var649 BOOL 9
var650 BOOL 10
---end scope---
var648 BOOL 8
---end scope---
---end scope---
var647 BOOL 8
---end scope---
var645 BOOL 7
---end scope---
---end scope---
var643 BOOL 7
var644 BOOL 8
---end scope---
---end scope---
---end scope---
---end scope---
var642 BOOL 6
---end scope---
---end scope---
var640 BOOL 6
var641 BOOL 7
---end scope---
---end scope---
var638 BOOL 7
var639 BOOL 8
---end scope---
var637 BOOL 6
---end scope---
---end scope---
var663 BOOL 7
var664 BOOL 8
---end scope---
var662 BOOL 6
---end scope---
---end scope---
---end scope---
var686 BOOL 9
var688 BOOL 10
---end scope---
---end scope---
var683 BOOL 8
var685 BOOL 9
---end scope---
---end scope---
var680 BOOL 9
var682 BOOL 10
---end scope---
---end scope---
var678 BOOL 9
var679 BOOL 10
---end scope---
var677 BOOL 8
---end scope---
---end scope---
var675 BOOL 8
var676 BOOL 9
---end scope---
---end scope---
var673 BOOL 8
var674 BOOL 9
---end scope---
---end scope---
var672 BOOL 7
---end scope---
---end scope---
var670 BOOL 7
var671 BOOL 8
---end scope---
---end scope---
var669 BOOL 6
---end scope---
---end scope---
var668 BOOL 6
---end scope---
var665 BOOL 6
var666 BOOL 7
---end scope---
---end scope---
---end scope---
---end scope---
var692 BOOL 6
---end scope---
var689 BOOL 6
var690 BOOL 7
---end scope---
var695 BOOL 6
var696 BOOL 7
---end scope---
---end scope---
var693 BOOL 6
var694 BOOL 7
---end scope---
var712 BOOL 7
---end scope---
var708 BOOL 7
var710 BOOL 8
---end scope---
---end scope---
var706 BOOL 9
var707 BOOL 10
---end scope---
var705 BOOL 8
---end scope---
---end scope---
---end scope---
var704 BOOL 7
---end scope---
---end scope---
var703 BOOL 6
---end scope---
---end scope---
var701 BOOL 7
var702 BOOL 8
---end scope---
var700 BOOL 6
---end scope---
---end scope---
var697 BOOL 6
var699 BOOL 7
---end scope---
---end scope---
---end scope---
var713 BOOL 6
var714 BOOL 7
---end scope---
---end scope---
var741 BOOL 6
---end scope---
var737 BOOL 6
var739 BOOL 7
---end scope---
---end scope---
var735 BOOL 6
var736 BOOL 7
---end scope---
---end scope---
var732 BOOL 7
var734 BOOL 8
---end scope---
---end scope---
var731 BOOL 6
---end scope---
---end scope---
var730 BOOL 6
---end scope---
var727 BOOL 8
var728 BOOL 9
---end scope---
var726 BOOL 7
---end scope---
---end scope---
var724 BOOL 7
var725 BOOL 8
---end scope---
---end scope---
var723 BOOL 6
---end scope---
---end scope---
var722 BOOL 6
---end scope---
var720 BOOL 6
---end scope---
var717 BOOL 6
var718 BOOL 7
---end scope---
---end scope---
var715 BOOL 6
var716 BOOL 7
---end scope---
---end scope---
---end scope---
---end scope---
---end scope---
---end scope---
var747 BOOL 7
var749 BOOL 8
---end scope---
---end scope---
var746 BOOL 7
---end scope---
var743 BOOL 7
var744 BOOL 8
---end scope---
var742 BOOL 6
---end scope---
---end scope---
---end scope---
---end scope---
var760 BOOL 6
var761 BOOL 7
---end scope---
---end scope---
var757 BOOL 6
var759 BOOL 7
---end scope---
---end scope---
var756 BOOL 7
---end scope---
var753 BOOL 7
var754 BOOL 8
---end scope---
var752 BOOL 6
---end scope---
---end scope---
var750 BOOL 6
var751 BOOL 7
---end scope---
---end scope---
var762 BOOL 6
var763 BOOL 7
---end scope---
---end scope---
var766 BOOL 6
var768 BOOL 7
---end scope---
---end scope---
var764 BOOL 6
var765 BOOL 7
---end scope---
---end scope---
---end scope---
var778 BOOL 6
---end scope---
var776 BOOL 6
---end scope---
var773 BOOL 6
var774 BOOL 7
---end scope---
---end scope---
var771 BOOL 8
var772 BOOL 9
---end scope---
var770 BOOL 7
---end scope---
---end scope---
var769 BOOL 6
---end scope---
---end scope---
---end scope---
---end scope---
---end scope---
---end scope---
---end scope---
var780 BOOL 6
---end scope---
var784 BOOL 6
---end scope---
var781 BOOL 6
var782 BOOL 7
---end scope---
var789 BOOL 7
---end scope---
var787 BOOL 7
---end scope---
var785 BOOL 6
---end scope---
---end scope---
---end scope---
var793 BOOL 7
var794 BOOL 8
---end scope---
var792 BOOL 6
---end scope---
---end scope---
var790 BOOL 6
var791 BOOL 7
---end scope---
---end scope---
var797 BOOL 7
---end scope---
var795 BOOL 6
---end scope---
---end scope---
---end scope---
var798 BOOL 6
var799 BOOL 7
---end scope---
---end scope---
---end scope---
var809 BOOL 6
---end scope---
var806 BOOL 7
var807 BOOL 8
---end scope---
---end scope---
var803 BOOL 6
var805 BOOL 7
---end scope---
---end scope---
var800 BOOL 6
var802 BOOL 7
---end scope---
---end scope---
var811 BOOL 6
---end scope---
var818 BOOL 7
var819 BOOL 8
---end scope---
var817 BOOL 6
---end scope---
---end scope---
var816 BOOL 6
---end scope---
var813 BOOL 7
var814 BOOL 8
---end scope---
var812 BOOL 6
---end scope---
---end scope---
---end scope---
---end scope---
var821 BOOL 6
---end scope---
var822 BOOL 6
var823 BOOL 7
---end scope---
---end scope---
var843 BOOL 6
var844 BOOL 7
---end scope---
---end scope---
var841 BOOL 8
var842 BOOL 9
---end scope---
---end scope---
var839 BOOL 8
var840 BOOL 9
---end scope---
var838 BOOL 7
---end scope---
---end scope---
var837 BOOL 6
---end scope---
---end scope---
var834 BOOL 7
var836 BOOL 8
---end scope---
---end scope---
var833 BOOL 7
---end scope---
var831 BOOL 6
---end scope---
---end scope---
var830 BOOL 7
---end scope---
var826 BOOL 6
var828 BOOL 7
---end scope---
---end scope---
var825 BOOL 6
---end scope---
---end scope---
---end scope---
var847 BOOL 6
var848 BOOL 7
---end scope---
---end scope---
var845 BOOL 6
var846 BOOL 7
---end scope---
---end scope---
var850 BOOL 6
---end scope---
var857 BOOL 7
---end scope---
var855 BOOL 7
---end scope---
var853 BOOL 7
---end scope---
var851 BOOL 6
---end scope---
---end scope---
---end scope---
var870 BOOL 6
var872 BOOL 7
---end scope---
---end scope---
var868 BOOL 6
var869 BOOL 7
---end scope---
---end scope---
var867 BOOL 6
---end scope---
var865 BOOL 6
---end scope---
var862 BOOL 8
var863 BOOL 9
---end scope---
---end scope---
var861 BOOL 7
---end scope---
---end scope---
var859 BOOL 7
var860 BOOL 8
---end scope---
var858 BOOL 6
---end scope---
---end scope---
var876 BOOL 9
var877 BOOL 10
---end scope---
var875 BOOL 8
---end scope---
---end scope---
var874 BOOL 7
---end scope---
---end scope---
var873 BOOL 6
---end scope---
---end scope---
---end scope---
var880 BOOL 6
var881 BOOL 7
---end scope---
---end scope---
var878 BOOL 6
var879 BOOL 7
---end scope---
var885 BOOL 6
---end scope---
var11 BOOL 0
var108 BOOL 1
var162 BOOL 2
var351 BOOL 3
var386 BOOL 4
var568 BOOL 5
var883 BOOL 6
---end scope---
print (STRING)->VOID 0
printi (INT)->VOID 0
main ()->VOID 0
